// Jest Snapshot v1, https://goo.gl/fbAQLP

exports[`Slider component Snapshot 1`] = `
Object {
  "asFragment": [Function],
  "baseElement": <body>
    <div>
      <div
        class="page-content__section"
      >
        <section
          class="product-similar"
        >
          <div
            class="container"
          >
            <h2
              class="title title--h3"
            >
              Похожие товары
            </h2>
            <div
              class="product-similar__slider"
            >
              <div
                class="product-similar__slider-list"
              >
                <div
                  class="product-card is-active"
                >
                  <div
                    class="product-card__img"
                  >
                    <picture>
                      <source
                        srcset="/img/content/das-auge.webp, /img/content/das-auge@2x.webp 2x"
                        type="image/webp"
                      />
                      <img
                        alt="Ретрокамера Dus Auge lV"
                        height="240"
                        src="/img/content/das-auge.jpg"
                        srcset="/img/content/das-auge@2x.jpg 2x"
                        width="280"
                      />
                    </picture>
                  </div>
                  <div
                    class="product-card__info"
                  >
                    <div
                      class="rate product-card__rate"
                    >
                      <div
                        class="rate product-card__rate"
                      >
                        <svg
                          aria-hidden="true"
                          height="16"
                          width="17"
                        >
                          <use
                            xlink:href="#icon-full-star"
                          />
                        </svg>
                        <svg
                          aria-hidden="true"
                          height="16"
                          width="17"
                        >
                          <use
                            xlink:href="#icon-full-star"
                          />
                        </svg>
                        <svg
                          aria-hidden="true"
                          height="16"
                          width="17"
                        >
                          <use
                            xlink:href="#icon-full-star"
                          />
                        </svg>
                        <svg
                          aria-hidden="true"
                          height="16"
                          width="17"
                        >
                          <use
                            xlink:href="#icon-full-star"
                          />
                        </svg>
                        <svg
                          aria-hidden="true"
                          height="16"
                          width="17"
                        >
                          <use
                            xlink:href="#icon-star"
                          />
                        </svg>
                        <p
                          class="visually-hidden"
                        >
                          Рейтинг:
                        </p>
                        <p
                          class="rate__count"
                        >
                          <span
                            class="visually-hidden"
                          >
                            Всего оценок:
                          </span>
                          17
                        </p>
                      </div>
                    </div>
                    <p
                      class="product-card__title"
                    >
                      Ретрокамера Dus Auge lV
                    </p>
                    <p
                      class="product-card__price"
                    >
                      <span
                        class="visually-hidden"
                      >
                        Цена:
                      </span>
                      73450 ₽
                    </p>
                  </div>
                  <div
                    class="product-card__buttons"
                  >
                    <button
                      class="btn btn--purple product-card__btn"
                      type="button"
                    >
                      Купить
                    </button>
                    <a
                      class="btn btn--transparent"
                      href="/product/1"
                    >
                      Подробнее
                    </a>
                  </div>
                </div>
                <div
                  class="product-card is-active"
                >
                  <div
                    class="product-card__img"
                  >
                    <picture>
                      <source
                        srcset="/img/content/fast-shot.webp, /img/content/fast-shot@2x.webp 2x"
                        type="image/webp"
                      />
                      <img
                        alt="FastShot MR-5"
                        height="240"
                        src="/img/content/fast-shot.jpg"
                        srcset="/img/content/fast-shot@2x.jpg 2x"
                        width="280"
                      />
                    </picture>
                  </div>
                  <div
                    class="product-card__info"
                  >
                    <div
                      class="rate product-card__rate"
                    >
                      <div
                        class="rate product-card__rate"
                      >
                        <svg
                          aria-hidden="true"
                          height="16"
                          width="17"
                        >
                          <use
                            xlink:href="#icon-full-star"
                          />
                        </svg>
                        <svg
                          aria-hidden="true"
                          height="16"
                          width="17"
                        >
                          <use
                            xlink:href="#icon-full-star"
                          />
                        </svg>
                        <svg
                          aria-hidden="true"
                          height="16"
                          width="17"
                        >
                          <use
                            xlink:href="#icon-full-star"
                          />
                        </svg>
                        <svg
                          aria-hidden="true"
                          height="16"
                          width="17"
                        >
                          <use
                            xlink:href="#icon-star"
                          />
                        </svg>
                        <svg
                          aria-hidden="true"
                          height="16"
                          width="17"
                        >
                          <use
                            xlink:href="#icon-star"
                          />
                        </svg>
                        <p
                          class="visually-hidden"
                        >
                          Рейтинг:
                        </p>
                        <p
                          class="rate__count"
                        >
                          <span
                            class="visually-hidden"
                          >
                            Всего оценок:
                          </span>
                          24
                        </p>
                      </div>
                    </div>
                    <p
                      class="product-card__title"
                    >
                      FastShot MR-5
                    </p>
                    <p
                      class="product-card__price"
                    >
                      <span
                        class="visually-hidden"
                      >
                        Цена:
                      </span>
                      18970 ₽
                    </p>
                  </div>
                  <div
                    class="product-card__buttons"
                  >
                    <button
                      class="btn btn--purple product-card__btn"
                      type="button"
                    >
                      Купить
                    </button>
                    <a
                      class="btn btn--transparent"
                      href="/product/2"
                    >
                      Подробнее
                    </a>
                  </div>
                </div>
                <div
                  class="product-card is-active"
                >
                  <div
                    class="product-card__img"
                  >
                    <picture>
                      <source
                        srcset="/img/content/instaprinter.webp, /img/content/instaprinter@2x.webp 2x"
                        type="image/webp"
                      />
                      <img
                        alt="Instaprinter P2"
                        height="240"
                        src="/img/content/instaprinter.jpg"
                        srcset="/img/content/instaprinter@2x.jpg 2x"
                        width="280"
                      />
                    </picture>
                  </div>
                  <div
                    class="product-card__info"
                  >
                    <div
                      class="rate product-card__rate"
                    >
                      <div
                        class="rate product-card__rate"
                      >
                        <svg
                          aria-hidden="true"
                          height="16"
                          width="17"
                        >
                          <use
                            xlink:href="#icon-full-star"
                          />
                        </svg>
                        <svg
                          aria-hidden="true"
                          height="16"
                          width="17"
                        >
                          <use
                            xlink:href="#icon-full-star"
                          />
                        </svg>
                        <svg
                          aria-hidden="true"
                          height="16"
                          width="17"
                        >
                          <use
                            xlink:href="#icon-full-star"
                          />
                        </svg>
                        <svg
                          aria-hidden="true"
                          height="16"
                          width="17"
                        >
                          <use
                            xlink:href="#icon-full-star"
                          />
                        </svg>
                        <svg
                          aria-hidden="true"
                          height="16"
                          width="17"
                        >
                          <use
                            xlink:href="#icon-full-star"
                          />
                        </svg>
                        <p
                          class="visually-hidden"
                        >
                          Рейтинг:
                        </p>
                        <p
                          class="rate__count"
                        >
                          <span
                            class="visually-hidden"
                          >
                            Всего оценок:
                          </span>
                          12
                        </p>
                      </div>
                    </div>
                    <p
                      class="product-card__title"
                    >
                      Instaprinter P2
                    </p>
                    <p
                      class="product-card__price"
                    >
                      <span
                        class="visually-hidden"
                      >
                        Цена:
                      </span>
                      8430 ₽
                    </p>
                  </div>
                  <div
                    class="product-card__buttons"
                  >
                    <button
                      class="btn btn--purple product-card__btn"
                      type="button"
                    >
                      Купить
                    </button>
                    <a
                      class="btn btn--transparent"
                      href="/product/3"
                    >
                      Подробнее
                    </a>
                  </div>
                </div>
                <button
                  aria-label="Предыдущий слайд"
                  class="slider-controls slider-controls--prev"
                  disabled=""
                  type="button"
                >
                  <svg
                    aria-hidden="true"
                    height="12"
                    width="7"
                  >
                    <use
                      xlink:href="#icon-arrow"
                    />
                  </svg>
                </button>
                <button
                  aria-label="Следующий слайд"
                  class="slider-controls slider-controls--next"
                  type="button"
                >
                  <svg
                    aria-hidden="true"
                    height="12"
                    width="7"
                  >
                    <use
                      xlink:href="#icon-arrow"
                    />
                  </svg>
                </button>
              </div>
            </div>
          </div>
        </section>
      </div>
    </div>
  </body>,
  "container": <div>
    <div
      class="page-content__section"
    >
      <section
        class="product-similar"
      >
        <div
          class="container"
        >
          <h2
            class="title title--h3"
          >
            Похожие товары
          </h2>
          <div
            class="product-similar__slider"
          >
            <div
              class="product-similar__slider-list"
            >
              <div
                class="product-card is-active"
              >
                <div
                  class="product-card__img"
                >
                  <picture>
                    <source
                      srcset="/img/content/das-auge.webp, /img/content/das-auge@2x.webp 2x"
                      type="image/webp"
                    />
                    <img
                      alt="Ретрокамера Dus Auge lV"
                      height="240"
                      src="/img/content/das-auge.jpg"
                      srcset="/img/content/das-auge@2x.jpg 2x"
                      width="280"
                    />
                  </picture>
                </div>
                <div
                  class="product-card__info"
                >
                  <div
                    class="rate product-card__rate"
                  >
                    <div
                      class="rate product-card__rate"
                    >
                      <svg
                        aria-hidden="true"
                        height="16"
                        width="17"
                      >
                        <use
                          xlink:href="#icon-full-star"
                        />
                      </svg>
                      <svg
                        aria-hidden="true"
                        height="16"
                        width="17"
                      >
                        <use
                          xlink:href="#icon-full-star"
                        />
                      </svg>
                      <svg
                        aria-hidden="true"
                        height="16"
                        width="17"
                      >
                        <use
                          xlink:href="#icon-full-star"
                        />
                      </svg>
                      <svg
                        aria-hidden="true"
                        height="16"
                        width="17"
                      >
                        <use
                          xlink:href="#icon-full-star"
                        />
                      </svg>
                      <svg
                        aria-hidden="true"
                        height="16"
                        width="17"
                      >
                        <use
                          xlink:href="#icon-star"
                        />
                      </svg>
                      <p
                        class="visually-hidden"
                      >
                        Рейтинг:
                      </p>
                      <p
                        class="rate__count"
                      >
                        <span
                          class="visually-hidden"
                        >
                          Всего оценок:
                        </span>
                        17
                      </p>
                    </div>
                  </div>
                  <p
                    class="product-card__title"
                  >
                    Ретрокамера Dus Auge lV
                  </p>
                  <p
                    class="product-card__price"
                  >
                    <span
                      class="visually-hidden"
                    >
                      Цена:
                    </span>
                    73450 ₽
                  </p>
                </div>
                <div
                  class="product-card__buttons"
                >
                  <button
                    class="btn btn--purple product-card__btn"
                    type="button"
                  >
                    Купить
                  </button>
                  <a
                    class="btn btn--transparent"
                    href="/product/1"
                  >
                    Подробнее
                  </a>
                </div>
              </div>
              <div
                class="product-card is-active"
              >
                <div
                  class="product-card__img"
                >
                  <picture>
                    <source
                      srcset="/img/content/fast-shot.webp, /img/content/fast-shot@2x.webp 2x"
                      type="image/webp"
                    />
                    <img
                      alt="FastShot MR-5"
                      height="240"
                      src="/img/content/fast-shot.jpg"
                      srcset="/img/content/fast-shot@2x.jpg 2x"
                      width="280"
                    />
                  </picture>
                </div>
                <div
                  class="product-card__info"
                >
                  <div
                    class="rate product-card__rate"
                  >
                    <div
                      class="rate product-card__rate"
                    >
                      <svg
                        aria-hidden="true"
                        height="16"
                        width="17"
                      >
                        <use
                          xlink:href="#icon-full-star"
                        />
                      </svg>
                      <svg
                        aria-hidden="true"
                        height="16"
                        width="17"
                      >
                        <use
                          xlink:href="#icon-full-star"
                        />
                      </svg>
                      <svg
                        aria-hidden="true"
                        height="16"
                        width="17"
                      >
                        <use
                          xlink:href="#icon-full-star"
                        />
                      </svg>
                      <svg
                        aria-hidden="true"
                        height="16"
                        width="17"
                      >
                        <use
                          xlink:href="#icon-star"
                        />
                      </svg>
                      <svg
                        aria-hidden="true"
                        height="16"
                        width="17"
                      >
                        <use
                          xlink:href="#icon-star"
                        />
                      </svg>
                      <p
                        class="visually-hidden"
                      >
                        Рейтинг:
                      </p>
                      <p
                        class="rate__count"
                      >
                        <span
                          class="visually-hidden"
                        >
                          Всего оценок:
                        </span>
                        24
                      </p>
                    </div>
                  </div>
                  <p
                    class="product-card__title"
                  >
                    FastShot MR-5
                  </p>
                  <p
                    class="product-card__price"
                  >
                    <span
                      class="visually-hidden"
                    >
                      Цена:
                    </span>
                    18970 ₽
                  </p>
                </div>
                <div
                  class="product-card__buttons"
                >
                  <button
                    class="btn btn--purple product-card__btn"
                    type="button"
                  >
                    Купить
                  </button>
                  <a
                    class="btn btn--transparent"
                    href="/product/2"
                  >
                    Подробнее
                  </a>
                </div>
              </div>
              <div
                class="product-card is-active"
              >
                <div
                  class="product-card__img"
                >
                  <picture>
                    <source
                      srcset="/img/content/instaprinter.webp, /img/content/instaprinter@2x.webp 2x"
                      type="image/webp"
                    />
                    <img
                      alt="Instaprinter P2"
                      height="240"
                      src="/img/content/instaprinter.jpg"
                      srcset="/img/content/instaprinter@2x.jpg 2x"
                      width="280"
                    />
                  </picture>
                </div>
                <div
                  class="product-card__info"
                >
                  <div
                    class="rate product-card__rate"
                  >
                    <div
                      class="rate product-card__rate"
                    >
                      <svg
                        aria-hidden="true"
                        height="16"
                        width="17"
                      >
                        <use
                          xlink:href="#icon-full-star"
                        />
                      </svg>
                      <svg
                        aria-hidden="true"
                        height="16"
                        width="17"
                      >
                        <use
                          xlink:href="#icon-full-star"
                        />
                      </svg>
                      <svg
                        aria-hidden="true"
                        height="16"
                        width="17"
                      >
                        <use
                          xlink:href="#icon-full-star"
                        />
                      </svg>
                      <svg
                        aria-hidden="true"
                        height="16"
                        width="17"
                      >
                        <use
                          xlink:href="#icon-full-star"
                        />
                      </svg>
                      <svg
                        aria-hidden="true"
                        height="16"
                        width="17"
                      >
                        <use
                          xlink:href="#icon-full-star"
                        />
                      </svg>
                      <p
                        class="visually-hidden"
                      >
                        Рейтинг:
                      </p>
                      <p
                        class="rate__count"
                      >
                        <span
                          class="visually-hidden"
                        >
                          Всего оценок:
                        </span>
                        12
                      </p>
                    </div>
                  </div>
                  <p
                    class="product-card__title"
                  >
                    Instaprinter P2
                  </p>
                  <p
                    class="product-card__price"
                  >
                    <span
                      class="visually-hidden"
                    >
                      Цена:
                    </span>
                    8430 ₽
                  </p>
                </div>
                <div
                  class="product-card__buttons"
                >
                  <button
                    class="btn btn--purple product-card__btn"
                    type="button"
                  >
                    Купить
                  </button>
                  <a
                    class="btn btn--transparent"
                    href="/product/3"
                  >
                    Подробнее
                  </a>
                </div>
              </div>
              <button
                aria-label="Предыдущий слайд"
                class="slider-controls slider-controls--prev"
                disabled=""
                type="button"
              >
                <svg
                  aria-hidden="true"
                  height="12"
                  width="7"
                >
                  <use
                    xlink:href="#icon-arrow"
                  />
                </svg>
              </button>
              <button
                aria-label="Следующий слайд"
                class="slider-controls slider-controls--next"
                type="button"
              >
                <svg
                  aria-hidden="true"
                  height="12"
                  width="7"
                >
                  <use
                    xlink:href="#icon-arrow"
                  />
                </svg>
              </button>
            </div>
          </div>
        </div>
      </section>
    </div>
  </div>,
  "debug": [Function],
  "findAllByAltText": [Function],
  "findAllByDisplayValue": [Function],
  "findAllByLabelText": [Function],
  "findAllByPlaceholderText": [Function],
  "findAllByRole": [Function],
  "findAllByTestId": [Function],
  "findAllByText": [Function],
  "findAllByTitle": [Function],
  "findByAltText": [Function],
  "findByDisplayValue": [Function],
  "findByLabelText": [Function],
  "findByPlaceholderText": [Function],
  "findByRole": [Function],
  "findByTestId": [Function],
  "findByText": [Function],
  "findByTitle": [Function],
  "getAllByAltText": [Function],
  "getAllByDisplayValue": [Function],
  "getAllByLabelText": [Function],
  "getAllByPlaceholderText": [Function],
  "getAllByRole": [Function],
  "getAllByTestId": [Function],
  "getAllByText": [Function],
  "getAllByTitle": [Function],
  "getByAltText": [Function],
  "getByDisplayValue": [Function],
  "getByLabelText": [Function],
  "getByPlaceholderText": [Function],
  "getByRole": [Function],
  "getByTestId": [Function],
  "getByText": [Function],
  "getByTitle": [Function],
  "queryAllByAltText": [Function],
  "queryAllByDisplayValue": [Function],
  "queryAllByLabelText": [Function],
  "queryAllByPlaceholderText": [Function],
  "queryAllByRole": [Function],
  "queryAllByTestId": [Function],
  "queryAllByText": [Function],
  "queryAllByTitle": [Function],
  "queryByAltText": [Function],
  "queryByDisplayValue": [Function],
  "queryByLabelText": [Function],
  "queryByPlaceholderText": [Function],
  "queryByRole": [Function],
  "queryByTestId": [Function],
  "queryByText": [Function],
  "queryByTitle": [Function],
  "rerender": [Function],
  "unmount": [Function],
}
`;
