// Jest Snapshot v1, https://goo.gl/fbAQLP

exports[`PaginationList component Snapshot 1`] = `
Object {
  "asFragment": [Function],
  "baseElement": <body>
    <div>
      <div
        class="pagination"
      >
        <ul
          class="pagination__list"
        >
          <li
            class="pagination__item"
          >
            <a
              class="pagination__link pagination__link--active"
              href="/"
            >
              1
            </a>
          </li>
          <li
            class="pagination__item"
          >
            <a
              class="pagination__link "
              href="/"
            >
              2
            </a>
          </li>
          <li
            class="pagination__item"
          >
            <a
              class="pagination__link pagination__link--text"
              href="/"
            >
              Далее
            </a>
          </li>
        </ul>
      </div>
    </div>
  </body>,
  "container": <div>
    <div
      class="pagination"
    >
      <ul
        class="pagination__list"
      >
        <li
          class="pagination__item"
        >
          <a
            class="pagination__link pagination__link--active"
            href="/"
          >
            1
          </a>
        </li>
        <li
          class="pagination__item"
        >
          <a
            class="pagination__link "
            href="/"
          >
            2
          </a>
        </li>
        <li
          class="pagination__item"
        >
          <a
            class="pagination__link pagination__link--text"
            href="/"
          >
            Далее
          </a>
        </li>
      </ul>
    </div>
  </div>,
  "debug": [Function],
  "findAllByAltText": [Function],
  "findAllByDisplayValue": [Function],
  "findAllByLabelText": [Function],
  "findAllByPlaceholderText": [Function],
  "findAllByRole": [Function],
  "findAllByTestId": [Function],
  "findAllByText": [Function],
  "findAllByTitle": [Function],
  "findByAltText": [Function],
  "findByDisplayValue": [Function],
  "findByLabelText": [Function],
  "findByPlaceholderText": [Function],
  "findByRole": [Function],
  "findByTestId": [Function],
  "findByText": [Function],
  "findByTitle": [Function],
  "getAllByAltText": [Function],
  "getAllByDisplayValue": [Function],
  "getAllByLabelText": [Function],
  "getAllByPlaceholderText": [Function],
  "getAllByRole": [Function],
  "getAllByTestId": [Function],
  "getAllByText": [Function],
  "getAllByTitle": [Function],
  "getByAltText": [Function],
  "getByDisplayValue": [Function],
  "getByLabelText": [Function],
  "getByPlaceholderText": [Function],
  "getByRole": [Function],
  "getByTestId": [Function],
  "getByText": [Function],
  "getByTitle": [Function],
  "queryAllByAltText": [Function],
  "queryAllByDisplayValue": [Function],
  "queryAllByLabelText": [Function],
  "queryAllByPlaceholderText": [Function],
  "queryAllByRole": [Function],
  "queryAllByTestId": [Function],
  "queryAllByText": [Function],
  "queryAllByTitle": [Function],
  "queryByAltText": [Function],
  "queryByDisplayValue": [Function],
  "queryByLabelText": [Function],
  "queryByPlaceholderText": [Function],
  "queryByRole": [Function],
  "queryByTestId": [Function],
  "queryByText": [Function],
  "queryByTitle": [Function],
  "rerender": [Function],
  "unmount": [Function],
}
`;
