// Jest Snapshot v1, https://goo.gl/fbAQLP

exports[`BasketSummary component Snapshot 1`] = `
Object {
  "asFragment": [Function],
  "baseElement": <body>
    <div>
      <div
        class="basket__summary"
      >
        <div
          class="basket__promo"
        >
          <p
            class="title title--h4"
          >
            Если у вас есть промокод на скидку, примените его в этом поле
          </p>
          <div
            class="basket-form"
          >
            <form>
              <div
                class="custom-input "
              >
                <label>
                  <span
                    class="custom-input__label"
                  >
                    Промокод
                  </span>
                  <input
                    name="promo"
                    placeholder="Введите промокод"
                    type="text"
                    value=""
                  />
                </label>
                <p
                  class="custom-input__error"
                >
                  Промокод неверный
                </p>
                <p
                  class="custom-input__success"
                >
                  Промокод принят!
                </p>
              </div>
              <button
                class="btn"
                disabled=""
                type="submit"
              >
                Применить
              </button>
            </form>
          </div>
        </div>
        <div
          class="basket__summary-order"
        >
          <p
            class="basket__summary-item"
          >
            <span
              class="basket__summary-text"
            >
              Всего:
            </span>
            <span
              class="basket__summary-value"
            >
              220 350
               ₽
            </span>
          </p>
          <p
            class="basket__summary-item"
          >
            <span
              class="basket__summary-text"
            >
              Скидка:
            </span>
            <span
              class="basket__summary-value "
            >
              0
               ₽
            </span>
          </p>
          <p
            class="basket__summary-item"
          >
            <span
              class="basket__summary-text basket__summary-text--total"
            >
              К оплате:
            </span>
            <span
              class="basket__summary-value basket__summary-value--total"
            >
              220 350
               ₽
            </span>
          </p>
          <button
            class="btn btn--purple"
          >
            Оформить заказ
          </button>
        </div>
      </div>
    </div>
  </body>,
  "container": <div>
    <div
      class="basket__summary"
    >
      <div
        class="basket__promo"
      >
        <p
          class="title title--h4"
        >
          Если у вас есть промокод на скидку, примените его в этом поле
        </p>
        <div
          class="basket-form"
        >
          <form>
            <div
              class="custom-input "
            >
              <label>
                <span
                  class="custom-input__label"
                >
                  Промокод
                </span>
                <input
                  name="promo"
                  placeholder="Введите промокод"
                  type="text"
                  value=""
                />
              </label>
              <p
                class="custom-input__error"
              >
                Промокод неверный
              </p>
              <p
                class="custom-input__success"
              >
                Промокод принят!
              </p>
            </div>
            <button
              class="btn"
              disabled=""
              type="submit"
            >
              Применить
            </button>
          </form>
        </div>
      </div>
      <div
        class="basket__summary-order"
      >
        <p
          class="basket__summary-item"
        >
          <span
            class="basket__summary-text"
          >
            Всего:
          </span>
          <span
            class="basket__summary-value"
          >
            220 350
             ₽
          </span>
        </p>
        <p
          class="basket__summary-item"
        >
          <span
            class="basket__summary-text"
          >
            Скидка:
          </span>
          <span
            class="basket__summary-value "
          >
            0
             ₽
          </span>
        </p>
        <p
          class="basket__summary-item"
        >
          <span
            class="basket__summary-text basket__summary-text--total"
          >
            К оплате:
          </span>
          <span
            class="basket__summary-value basket__summary-value--total"
          >
            220 350
             ₽
          </span>
        </p>
        <button
          class="btn btn--purple"
        >
          Оформить заказ
        </button>
      </div>
    </div>
  </div>,
  "debug": [Function],
  "findAllByAltText": [Function],
  "findAllByDisplayValue": [Function],
  "findAllByLabelText": [Function],
  "findAllByPlaceholderText": [Function],
  "findAllByRole": [Function],
  "findAllByTestId": [Function],
  "findAllByText": [Function],
  "findAllByTitle": [Function],
  "findByAltText": [Function],
  "findByDisplayValue": [Function],
  "findByLabelText": [Function],
  "findByPlaceholderText": [Function],
  "findByRole": [Function],
  "findByTestId": [Function],
  "findByText": [Function],
  "findByTitle": [Function],
  "getAllByAltText": [Function],
  "getAllByDisplayValue": [Function],
  "getAllByLabelText": [Function],
  "getAllByPlaceholderText": [Function],
  "getAllByRole": [Function],
  "getAllByTestId": [Function],
  "getAllByText": [Function],
  "getAllByTitle": [Function],
  "getByAltText": [Function],
  "getByDisplayValue": [Function],
  "getByLabelText": [Function],
  "getByPlaceholderText": [Function],
  "getByRole": [Function],
  "getByTestId": [Function],
  "getByText": [Function],
  "getByTitle": [Function],
  "queryAllByAltText": [Function],
  "queryAllByDisplayValue": [Function],
  "queryAllByLabelText": [Function],
  "queryAllByPlaceholderText": [Function],
  "queryAllByRole": [Function],
  "queryAllByTestId": [Function],
  "queryAllByText": [Function],
  "queryAllByTitle": [Function],
  "queryByAltText": [Function],
  "queryByDisplayValue": [Function],
  "queryByLabelText": [Function],
  "queryByPlaceholderText": [Function],
  "queryByRole": [Function],
  "queryByTestId": [Function],
  "queryByText": [Function],
  "queryByTitle": [Function],
  "rerender": [Function],
  "unmount": [Function],
}
`;
