// Jest Snapshot v1, https://goo.gl/fbAQLP

exports[`Product component Snapshot 1`] = `
Object {
  "asFragment": [Function],
  "baseElement": <body>
    <div>
      <div
        class="page-content__section"
      >
        <section
          class="product"
        >
          <div
            class="container"
          >
            <div
              class="product__img"
            >
              <picture>
                <source
                  srcset="/img/content/das-auge.webp, /img/content/das-auge@2x.webp 2x"
                  type="image/webp"
                />
                <img
                  alt="Ретрокамера Dus Auge lV"
                  height="480"
                  src="img/content/das-auge.jpg"
                  srcset="/img/content/das-auge@2x.jpg 2x"
                  width="560"
                />
              </picture>
            </div>
            <div
              class="product__content"
            >
              <h1
                class="title title--h3"
              >
                Ретрокамера Dus Auge lV
              </h1>
              <div
                class="rate product-card__rate"
              >
                <svg
                  aria-hidden="true"
                  height="16"
                  width="17"
                >
                  <use
                    xlink:href="#icon-full-star"
                  />
                </svg>
                <svg
                  aria-hidden="true"
                  height="16"
                  width="17"
                >
                  <use
                    xlink:href="#icon-full-star"
                  />
                </svg>
                <svg
                  aria-hidden="true"
                  height="16"
                  width="17"
                >
                  <use
                    xlink:href="#icon-full-star"
                  />
                </svg>
                <svg
                  aria-hidden="true"
                  height="16"
                  width="17"
                >
                  <use
                    xlink:href="#icon-full-star"
                  />
                </svg>
                <svg
                  aria-hidden="true"
                  height="16"
                  width="17"
                >
                  <use
                    xlink:href="#icon-star"
                  />
                </svg>
                <p
                  class="visually-hidden"
                >
                  Рейтинг:
                </p>
                <p
                  class="rate__count"
                >
                  <span
                    class="visually-hidden"
                  >
                    Всего оценок:
                  </span>
                  17
                </p>
              </div>
              <p
                class="product__price"
              >
                <span
                  class="visually-hidden"
                >
                  Цена:
                </span>
                73450
                 ₽
              </p>
              <button
                class="btn btn--purple"
                type="button"
              >
                <svg
                  aria-hidden="true"
                  height="16"
                  width="24"
                >
                  <use
                    xlink:href="#icon-add-basket"
                  />
                </svg>
                Добавить в корзину
              </button>
              <div
                class="tabs product__tabs"
              >
                <div
                  class="tabs__controls product__tabs-controls"
                >
                  <button
                    class="tabs__control "
                    type="button"
                  >
                    Характеристики
                  </button>
                  <button
                    class="tabs__control is-active"
                    type="button"
                  >
                    Описание
                  </button>
                </div>
                <div
                  class="tabs__content"
                >
                  <div
                    class="tabs__element "
                  >
                    <ul
                      class="product__tabs-list"
                    >
                      <li
                        class="item-list"
                      >
                        <span
                          class="item-list__title"
                        >
                          Артикул:
                        </span>
                        <p
                          class="item-list__text"
                        >
                          DA4IU67AD5
                        </p>
                      </li>
                      <li
                        class="item-list"
                      >
                        <span
                          class="item-list__title"
                        >
                          Категория:
                        </span>
                        <p
                          class="item-list__text"
                        >
                          Видеокамера
                        </p>
                      </li>
                      <li
                        class="item-list"
                      >
                        <span
                          class="item-list__title"
                        >
                          Тип камеры:
                        </span>
                        <p
                          class="item-list__text"
                        >
                          Коллекционная
                        </p>
                      </li>
                      <li
                        class="item-list"
                      >
                        <span
                          class="item-list__title"
                        >
                          Уровень:
                        </span>
                        <p
                          class="item-list__text"
                        >
                          Любительский
                        </p>
                      </li>
                    </ul>
                  </div>
                  <div
                    class="tabs__element is-active"
                  >
                    <div
                      class="product__tabs-text"
                    >
                      <p>
                        Немецкий концерн BRW разработал видеокамеру Das Auge IV в начале 80-х годов, однако она до сих пор пользуется популярностью среди коллекционеров и яростных почитателей старинной техники. Вы тоже можете прикоснуться к волшебству аналоговой съёмки, заказав этот чудо-аппарат. Кто знает, может с Das Auge IV начнётся ваш путь к наградам всех престижных кинофестивалей.
                      </p>
                    </div>
                  </div>
                </div>
              </div>
            </div>
          </div>
        </section>
      </div>
    </div>
  </body>,
  "container": <div>
    <div
      class="page-content__section"
    >
      <section
        class="product"
      >
        <div
          class="container"
        >
          <div
            class="product__img"
          >
            <picture>
              <source
                srcset="/img/content/das-auge.webp, /img/content/das-auge@2x.webp 2x"
                type="image/webp"
              />
              <img
                alt="Ретрокамера Dus Auge lV"
                height="480"
                src="img/content/das-auge.jpg"
                srcset="/img/content/das-auge@2x.jpg 2x"
                width="560"
              />
            </picture>
          </div>
          <div
            class="product__content"
          >
            <h1
              class="title title--h3"
            >
              Ретрокамера Dus Auge lV
            </h1>
            <div
              class="rate product-card__rate"
            >
              <svg
                aria-hidden="true"
                height="16"
                width="17"
              >
                <use
                  xlink:href="#icon-full-star"
                />
              </svg>
              <svg
                aria-hidden="true"
                height="16"
                width="17"
              >
                <use
                  xlink:href="#icon-full-star"
                />
              </svg>
              <svg
                aria-hidden="true"
                height="16"
                width="17"
              >
                <use
                  xlink:href="#icon-full-star"
                />
              </svg>
              <svg
                aria-hidden="true"
                height="16"
                width="17"
              >
                <use
                  xlink:href="#icon-full-star"
                />
              </svg>
              <svg
                aria-hidden="true"
                height="16"
                width="17"
              >
                <use
                  xlink:href="#icon-star"
                />
              </svg>
              <p
                class="visually-hidden"
              >
                Рейтинг:
              </p>
              <p
                class="rate__count"
              >
                <span
                  class="visually-hidden"
                >
                  Всего оценок:
                </span>
                17
              </p>
            </div>
            <p
              class="product__price"
            >
              <span
                class="visually-hidden"
              >
                Цена:
              </span>
              73450
               ₽
            </p>
            <button
              class="btn btn--purple"
              type="button"
            >
              <svg
                aria-hidden="true"
                height="16"
                width="24"
              >
                <use
                  xlink:href="#icon-add-basket"
                />
              </svg>
              Добавить в корзину
            </button>
            <div
              class="tabs product__tabs"
            >
              <div
                class="tabs__controls product__tabs-controls"
              >
                <button
                  class="tabs__control "
                  type="button"
                >
                  Характеристики
                </button>
                <button
                  class="tabs__control is-active"
                  type="button"
                >
                  Описание
                </button>
              </div>
              <div
                class="tabs__content"
              >
                <div
                  class="tabs__element "
                >
                  <ul
                    class="product__tabs-list"
                  >
                    <li
                      class="item-list"
                    >
                      <span
                        class="item-list__title"
                      >
                        Артикул:
                      </span>
                      <p
                        class="item-list__text"
                      >
                        DA4IU67AD5
                      </p>
                    </li>
                    <li
                      class="item-list"
                    >
                      <span
                        class="item-list__title"
                      >
                        Категория:
                      </span>
                      <p
                        class="item-list__text"
                      >
                        Видеокамера
                      </p>
                    </li>
                    <li
                      class="item-list"
                    >
                      <span
                        class="item-list__title"
                      >
                        Тип камеры:
                      </span>
                      <p
                        class="item-list__text"
                      >
                        Коллекционная
                      </p>
                    </li>
                    <li
                      class="item-list"
                    >
                      <span
                        class="item-list__title"
                      >
                        Уровень:
                      </span>
                      <p
                        class="item-list__text"
                      >
                        Любительский
                      </p>
                    </li>
                  </ul>
                </div>
                <div
                  class="tabs__element is-active"
                >
                  <div
                    class="product__tabs-text"
                  >
                    <p>
                      Немецкий концерн BRW разработал видеокамеру Das Auge IV в начале 80-х годов, однако она до сих пор пользуется популярностью среди коллекционеров и яростных почитателей старинной техники. Вы тоже можете прикоснуться к волшебству аналоговой съёмки, заказав этот чудо-аппарат. Кто знает, может с Das Auge IV начнётся ваш путь к наградам всех престижных кинофестивалей.
                    </p>
                  </div>
                </div>
              </div>
            </div>
          </div>
        </div>
      </section>
    </div>
  </div>,
  "debug": [Function],
  "findAllByAltText": [Function],
  "findAllByDisplayValue": [Function],
  "findAllByLabelText": [Function],
  "findAllByPlaceholderText": [Function],
  "findAllByRole": [Function],
  "findAllByTestId": [Function],
  "findAllByText": [Function],
  "findAllByTitle": [Function],
  "findByAltText": [Function],
  "findByDisplayValue": [Function],
  "findByLabelText": [Function],
  "findByPlaceholderText": [Function],
  "findByRole": [Function],
  "findByTestId": [Function],
  "findByText": [Function],
  "findByTitle": [Function],
  "getAllByAltText": [Function],
  "getAllByDisplayValue": [Function],
  "getAllByLabelText": [Function],
  "getAllByPlaceholderText": [Function],
  "getAllByRole": [Function],
  "getAllByTestId": [Function],
  "getAllByText": [Function],
  "getAllByTitle": [Function],
  "getByAltText": [Function],
  "getByDisplayValue": [Function],
  "getByLabelText": [Function],
  "getByPlaceholderText": [Function],
  "getByRole": [Function],
  "getByTestId": [Function],
  "getByText": [Function],
  "getByTitle": [Function],
  "queryAllByAltText": [Function],
  "queryAllByDisplayValue": [Function],
  "queryAllByLabelText": [Function],
  "queryAllByPlaceholderText": [Function],
  "queryAllByRole": [Function],
  "queryAllByTestId": [Function],
  "queryAllByText": [Function],
  "queryAllByTitle": [Function],
  "queryByAltText": [Function],
  "queryByDisplayValue": [Function],
  "queryByLabelText": [Function],
  "queryByPlaceholderText": [Function],
  "queryByRole": [Function],
  "queryByTestId": [Function],
  "queryByText": [Function],
  "queryByTitle": [Function],
  "rerender": [Function],
  "unmount": [Function],
}
`;
